[shardaonline.ac.in/lp/online-degree-program-for-ug-and-pg/index.html]
[backblue.gif]
[fade.gif]
[index.html]
[connect.facebook.net/en_US/fbevents.js]
[shardaonline.ac.in/js/chunk-vendors.f485061a.js]
[shardaonline.ac.in/js/app.27884768.js]
[shardaonline.ac.in/css/app.c6f9f3da.css]
[shardaonline.ac.in/img/icons/favicon-32x32.png]
[shardaonline.ac.in/img/icons/favicon-16x16.png]
[shardaonline.ac.in/lp/online-degree-program-for-ug-and-pg/index.html]
[shardaonline.ac.in/lp/online-degree-program-for-ug-and-pg/a.html]
[shardaonline.ac.in/lp/online-degree-program-for-ug-and-pg/POST.html]
[shardaonline.ac.in/lp/online-degree-program-for-ug-and-pg/b.html]
[connect.facebook.net/en_US/fbevents.js]
[www.googletagmanager.com/gtm5445.html]
[shardaonline.ac.in/css/app.c6f9f3da.css]
[shardaonline.ac.in/img/icons/apple-touch-icon-152x152.html]
[shardaonline.ac.in/lp/online-degree-program-for-ug-and-pg/a.html]
[shardaonline.ac.in/lp/online-degree-program-for-ug-and-pg/POST.html]
[shardaonline.ac.in/lp/online-degree-program-for-ug-and-pg/schema.org/index.html]
[shardaonline.ac.in/lp/online-degree-program-for-ug-and-pg/schema.org/index.html]
[shardaonline.ac.in/lp/online-degree-program-for-ug-and-pg/b.html]
[shardaonline.ac.in/signals/iwl.html]
