[distancemba.co.in/online-mba/index.html]
[backblue.gif]
[fade.gif]
[index.html]
[cdnjs.cloudflare.com/ajax/libs/OwlCarousel2/2.0.0-beta.2.4/assets/owl.carousel.min.css]
[stackpath.bootstrapcdn.com/bootstrap/4.5.2/css/bootstrap.min.css]
[web-in21.mxradon.com/t/Tracker.js]
[mbaonlinecourse.com/images/main site logo.png]
[mbaonlinecourse.com/images/logosuni/Amity.png]
[mbaonlinecourse.com/images/logosuni/Symbiosis.png]
[mbaonlinecourse.com/images/logosuni/NMIMS-1.png]
[mbaonlinecourse.com/images/logosuni/DPU.png]
[mbaonlinecourse.com/images/logosuni/MUJ.png]
[mbaonlinecourse.com/images/logosuni/Jain.png]
[mbaonlinecourse.com/images/logosuni/LPU.png]
[mbaonlinecourse.com/images/logosuni/OP JIndal.png]
[mbaonlinecourse.com/images/logosuni/CU.png]
[mbaonlinecourse.com/images/logosuni/SHarda.png]
[mbaonlinecourse.com/images/logosuni/Parul.png]
[mbaonlinecourse.com/images/logosuni/online UU.png]
[mbaonlinecourse.com/images/logosuni/SRM.png]
[mbaonlinecourse.com/images/logosuni/VIgnan.png]
[mbaonlinecourse.com/images/logosuni/Bharati Vidyapeeth Institute (1).png]
[mbaonlinecourse.com/images/logosuni/GLA.png]
[mbaonlinecourse.com/images/logosuni/IIMR.png]
[mbaonlinecourse.com/images/logosuni/Ignou.png]
[mbaonlinecourse.com/images/university/Amity University.png]
[mbaonlinecourse.com/images/logo/Amity.png]
[mbaonlinecourse.com/images/university/SCDL.png]
[mbaonlinecourse.com/images/logo/SCDL.png]
[mbaonlinecourse.com/images/university/Manipal.png]
[mbaonlinecourse.com/images/logo/MUJ.png]
[mbaonlinecourse.com/images/university/DPU.png]
[mbaonlinecourse.com/images/logo/DPU.png]
[mbaonlinecourse.com/images/university/NMIMS.jpg]
[mbaonlinecourse.com/images/logo/NMIMS-1.jpg]
[mbaonlinecourse.com/images/university/Jain University.png]
[mbaonlinecourse.com/images/logo/Jain.png]
[mbaonlinecourse.com/images/university/Lovely Professional University.png]
[mbaonlinecourse.com/images/logo/LPU.png]
[mbaonlinecourse.com/images/university/OP Jindal Global University.png]
[mbaonlinecourse.com/images/logo/Frame 493.png]
[mbaonlinecourse.com/images/university/Bharati Vidyapeeth Institute.png]
[mbaonlinecourse.com/images/logo/pngwing.com (1) 1.png]
[mbaonlinecourse.com/images/university/Chandigarh University.png]
[mbaonlinecourse.com/images/logo/Chandigarh_University_Seal 1.png]
[mbaonlinecourse.com/images/university/Parul university.png]
[mbaonlinecourse.com/images/logo/Frame 527.png]
[mbaonlinecourse.com/images/university/Uttaranchal University.png]
[mbaonlinecourse.com/images/logo/uu.png]
[mbaonlinecourse.com/images/university/Shoolni.jpg]
[mbaonlinecourse.com/images/university/Shoolni-1.jpg]
[mbaonlinecourse.com/images/university/UPES.jpg]
[mbaonlinecourse.com/images/university/UPES-1.jpg]
[mbaonlinecourse.com/images/university/SP Jain (1).jpg]
[mbaonlinecourse.com/images/university/SP Jain-1 (1).jpg]
[mbaonlinecourse.com/images/university/Amrita Vishwa Vidyapeetham.jpg]
[mbaonlinecourse.com/images/university/Amrita Vishwa Vidyapeetham-1.jpg]
[mbaonlinecourse.com/images/university/GLA.jpg]
[mbaonlinecourse.com/images/university/GLA-1.jpg]
[mbaonlinecourse.com/images/university/Sharda University.png]
[mbaonlinecourse.com/images/university/Sharda University-1.png]
[mbaonlinecourse.com/images/lp/logos/lpu.jpg]
[mbaonlinecourse.com/images/lp/logos/imt.jpg]
[mbaonlinecourse.com/images/lp/logos/nmims.jpg]
[mbaonlinecourse.com/images/lp/logos/pu.jpg]
[mbaonlinecourse.com/images/lp/logos/annamalai.png]
[lsqbot.converse.leadsquared.com/bot-script.js]
[code.jquery.com/jquery-3.5.1.min.js]
[distancemba.co.in/online-mba/thankyou308d.html]
[code.jquery.com/jquery-3.6.0.min.js]
[cdn.jsdelivr.net/npm/@popperjs/core@2.5.3/dist/umd/popper.min.js]
[distancemba.co.in/online-mba/index.html]
[distancemba.co.in/online-mba/images/lpfavfav.html]
[mbaonlinecourse.com/css/bootstrap.min.css]
[mbaonlinecourse.com/css/font-awesome.min.css]
[maxcdn.bootstrapcdn.com/bootstrap/4.5.2/js/bootstrap.min.js]
[cdnjs.cloudflare.com/ajax/libs/OwlCarousel2/2.0.0-beta.2.4/assets/owl.carousel.min.css]
[stackpath.bootstrapcdn.com/bootstrap/4.5.2/css/bootstrap.min.css]
[cdnjs.cloudflare.com/ajax/libs/OwlCarousel2/2.0.0-beta.2.4/assets/owl.video.play.png]
[mbaonlinecourse.com/images/arrow.png]
[mbaonlinecourse.com/images/distance-banner.jpg]
[mbaonlinecourse.com/images/distancelpimg.png]
[mbaonlinecourse.com/images/lp/MBA-Banner.jpg]
[mbaonlinecourse.com/css/style_blue.css]
[mbaonlinecourse.com/images/upload-icon.html]
[mbaonlinecourse.com/images/newlogo.html]
[distancemba.co.in/https_/mbaonlinecourse.com/images/lp/logos/muju.html]
[distancemba.co.in/https_/mbaonlinecourse.com/images/lp/logos/amity.html]
[distancemba.co.in/https_/mbaonlinecourse.com/images/lp/logos/scdl.html]
[distancemba.co.in/https_/mbaonlinecourse.com/images/lp/logos/dpu.html]
[distancemba.co.in/https_/mbaonlinecourse.com/images/lp/logos/jain.html]
[distancemba.co.in/https_/mbaonlinecourse.com/images/lp/logos/cu.html]
[distancemba.co.in/https_/mbaonlinecourse.com/images/lp/logos/alliance.html]
[distancemba.co.in/https_/mbaonlinecourse.com/images/lp/logos/srm.html]
[distancemba.co.in/https_/mbaonlinecourse.com/images/lp/logos/bits.html]
[distancemba.co.in/https_/mbaonlinecourse.com/images/lp/logos/icfai.html]
[distancemba.co.in/https_/mbaonlinecourse.com/images/lp/logos/weschool.html]
[distancemba.co.in/https_/mbaonlinecourse.com/images/lp/logos/vu.html]
[distancemba.co.in/https_/mbaonlinecourse.com/images/lp/logos/parul-university.html]
[distancemba.co.in/online-mba/images/main site logo.html]
[distancemba.co.in/online-mba/CDNFILESjs/jquery.min.html]
[distancemba.co.in/online-mba/CDNFILESjs/bootstrap.min.html]
[distancemba.co.in/online-mba/CDNFILESjs/subscribe_validate.html]
[distancemba.co.in/online-mba/CDNFILESjs/jquery.validate.min.html]
[distancemba.co.in/online-mba/CDNFILESjs/phone_number.html]
[distancemba.co.in/online-mba/CDNFILESjs/jquery-template.html]
[distancemba.co.in/online-mba/CDNFILESjs/settings.html]
[distancemba.co.in/online-mba/CDNFILESjs/custom.html]
[distancemba.co.in/online-mba/CDNFILESjs/lozad.min.html]
[distancemba.co.in/online-mba/CDNFILESjs/additional-methods.min.html]
[distancemba.co.in/online-mba/index-2.html]
[mbaonlinecourse.com/images/Newlogo.png]
[distancemba.co.in/online-mba/thankyou308d.html]
[mbaonlinecourse.com/images/1500x650x2.html]
[mbaonlinecourse.com/images/1500x650x3.html]
[mbaonlinecourse.com/images/1500x700x1.html]
[mbaonlinecourse.com/images/1500x700x2.html]
[mbaonlinecourse.com/images/1500x650x10.html]
[mbaonlinecourse.com/images/1500x650x11.html]
[mbaonlinecourse.com/images/1500x650x4.html]
[mbaonlinecourse.com/images/1500x650x5.html]
[mbaonlinecourse.com/images/1500x650x6.html]
[mbaonlinecourse.com/images/1500x650x7.html]
[mbaonlinecourse.com/images/1500x650x8.html]
[mbaonlinecourse.com/images/1500x500x2.html]
[mbaonlinecourse.com/images/680x590x1.html]
[mbaonlinecourse.com/images/680x410x1.html]
[mbaonlinecourse.com/images/680x410x2.html]
[mbaonlinecourse.com/images/1500x500x1.html]
[mbaonlinecourse.com/img/glyphicons-halflings.html]
[mbaonlinecourse.com/img/glyphicons-halflings-white.html]
[mbaonlinecourse.com/css/images/upload-icon.html]
[distancemba.co.in/online-mba/css/bootstrap.min.html]
[distancemba.co.in/online-mba/css/style_blue.html]
[distancemba.co.in/online-mba/index-2.html]
[distancemba.co.in/online-mba/js/jquery.min.html]
[distancemba.co.in/online-mba/js/bootstrap.min.html]
