[universitiesadmission.in/onlineamity/index.html]
[amityonline.com/DesktopLib/images/favicon.png]
[backblue.gif]
[fade.gif]
[index.html]
[universitiesadmission.in/onlineamity/css/owl.theme.default.min.css]
[kit.fontawesome.com/21c10b9af1.js]
[connect.facebook.net/en_US/fbevents.js]
[universitiesadmission.in/onlineamity/images/logo.png]
[universitiesadmission.in/onlineamity/images/Frontbanner.jpg]
[universitiesadmission.in/onlineamity/images/approval1.png]
[universitiesadmission.in/onlineamity/images/approval2.png]
[universitiesadmission.in/onlineamity/images/approval3.png]
[universitiesadmission.in/onlineamity/images/approval4.png]
[universitiesadmission.in/onlineamity/images/approval5.png]
[universitiesadmission.in/onlineamity/images/approval6.png]
[universitiesadmission.in/onlineamity/images/approval7.png]
[universitiesadmission.in/onlineamity/images/approval8.png]
[amityonline.com/images/logo.png]
[universitiesadmission.in/onlineamity/images/Holistic.png]
[universitiesadmission.in/onlineamity/images/Academic.png]
[universitiesadmission.in/onlineamity/images/Build.png]
[universitiesadmission.in/onlineamity/images/Certificate.jpg]
[universitiesadmission.in/onlineamity/images/OnlineMBA.jpg]
[universitiesadmission.in/onlineamity/images/OnlineMCom.jpg]
[universitiesadmission.in/onlineamity/images/OnlineMCA.jpg]
[universitiesadmission.in/onlineamity/images/OnlineMA.jpg]
[universitiesadmission.in/onlineamity/images/OnlineBBA.jpg]
[universitiesadmission.in/onlineamity/images/OnlineBCA.jpg]
[universitiesadmission.in/onlineamity/images/BA.jpg]
[universitiesadmission.in/onlineamity/images/Artboard5.png]
[universitiesadmission.in/onlineamity/images/Artboard7.png]
[universitiesadmission.in/onlineamity/images/Artboard8.png]
[universitiesadmission.in/onlineamity/images/Artboard9.png]
[universitiesadmission.in/onlineamity/images/Artboard10.png]
[universitiesadmission.in/onlineamity/images/Artboard11.png]
[universitiesadmission.in/onlineamity/images/Artboard12.png]
[universitiesadmission.in/onlineamity/images/Artboard13.png]
[universitiesadmission.in/onlineamity/images/Artboard14.png]
[universitiesadmission.in/onlineamity/images/Artboard15.png]
[universitiesadmission.in/onlineamity/images/Artboard16.png]
[universitiesadmission.in/onlineamity/images/Artboard17.jpg]
[universitiesadmission.in/onlineamity/images/popup.jpg]
[cdnjs.cloudflare.com/ajax/libs/jquery/3.6.0/jquery.min.js]
[universitiesadmission.in/onlineamity/js/owl.carousel.min.js]
[universitiesadmission.in/onlineamity/index.html]
[universitiesadmission.in/onlineamity/js/bootstrap.bundle.min.js]
[universitiesadmission.in/onlineamity/css/bootstrap.min.css]
[universitiesadmission.in/onlineamity/css/owl.carousel.min.css]
[universitiesadmission.in/onlineamity/css/owl.theme.default.min.css]
[universitiesadmission.in/onlineamity/css/style.css]
[universitiesadmission.in/onlineamity/css/responsive.css]
[connect.facebook.net/en_US/fbevents.js]
[universitiesadmission.in/onlineamity/images/certified-icon.svg]
[universitiesadmission.in/onlineamity/css/owl.video.play.html]
[universitiesadmission.in/onlineamity/a.html]
[universitiesadmission.in/onlineamity/POST.html]
[universitiesadmission.in/onlineamity/schema.org/index.html]
[universitiesadmission.in/onlineamity/b.html]
[universitiesadmission.in/signals/iwl.html]
